Show timing is off.
Random seed is set to 0.
==========================================
prog TELEPORT
==========================================
search in TELEPORT with =>! such that P(q2, init[q0]) .

Solution 1 (state 13)
states: 14
probability: 0.25, quantum state: 
000: (0.71,-0.701)
100: (0.0446,0.0441)

Solution 2 (state 14)
states: 15
probability: 0.25, quantum state: 
001: (0.71,-0.701)
101: (0.0446,0.0441)

Solution 3 (state 15)
states: 16
probability: 0.25, quantum state: 
010: (0.71,-0.701)
110: (0.0446,0.0441)

Solution 4 (state 16)
states: 17
probability: 0.25, quantum state: 
011: (0.71,-0.701)
111: (0.0446,0.0441)

No more solutions.
states: 17
Bye.
